Evaluated 64 of 328 cases
Evaluated 128 of 328 cases
Evaluated 192 of 328 cases
Evaluated 256 of 328 cases
Evaluated 320 of 328 cases
         version  crop       split             variable  n     rmse      bias  nrmse_percent    nse  r_squared
management_refit maize calibration          seasonal_et 12   37.444     3.604         12.686  0.533      0.619
management_refit maize calibration                yield 12 2266.749 -1738.460         18.781 -2.940      0.128
management_refit maize calibration              biomass 12 4688.413 -4188.488         21.790 -5.625      0.073
management_refit maize  validation          seasonal_et  4   55.637   -35.902         14.130 -0.346      0.343
management_refit maize  validation                yield  4 1699.748  1403.158         15.966 -3.641      0.972
management_refit maize  validation              biomass  4 2037.691   725.890         10.436 -0.313      0.123
management_refit wheat calibration          seasonal_et 12   40.188   -12.649          8.974  0.689      0.758
management_refit wheat calibration                yield 12 1248.830  -444.733         16.743  0.746      0.817
management_refit wheat calibration              biomass 12 4221.705 -2479.696         25.483  0.496      0.781
management_refit wheat  validation          seasonal_et  4   73.805    48.929         21.982  0.503      0.915
management_refit wheat  validation                yield  4 3160.685  3107.927         83.266 -4.654      0.870
management_refit wheat  validation              biomass  4 5426.749  4908.212         55.659 -0.752      0.924
       reference maize calibration          seasonal_et 12   36.777     3.802         12.460  0.549      0.643
       reference maize calibration                yield 12 2369.952 -1861.982         19.636 -3.307      0.136
       reference maize calibration              biomass 12 4878.412 -4397.252         22.673 -6.173      0.060
       reference maize  validation          seasonal_et  4   52.385   -32.804         13.304 -0.193      0.404
       reference maize  validation                yield  4 1662.726  1327.631         15.618 -3.441      0.954
       reference maize  validation              biomass  4 2049.878   589.907         10.499 -0.329      0.176
       reference wheat calibration          seasonal_et 12   41.294   -14.789          9.221  0.672      0.744
       reference wheat calibration                yield 12 1337.189  -581.290         17.928  0.709      0.812
       reference wheat calibration              biomass 12 4475.724 -2832.589         27.016  0.433      0.786
       reference wheat  validation          seasonal_et  4   71.945    47.376         21.428  0.528      0.907
       reference wheat  validation                yield  4 3086.136  3036.543         81.302 -4.391      0.876
       reference wheat  validation              biomass  4 5212.988  4717.932         53.467 -0.617      0.933
management_refit maize calibration seasonal_et_response  3   66.838   -31.015            NaN  0.310      0.999
management_refit maize  validation seasonal_et_response  1   52.736    52.736            NaN    NaN        NaN
management_refit wheat calibration seasonal_et_response  3   45.791   -35.797            NaN -1.227      0.156
management_refit wheat  validation seasonal_et_response  1  116.375  -116.375            NaN    NaN        NaN
       reference maize calibration seasonal_et_response  3   64.449   -29.116            NaN  0.359      0.968
       reference maize  validation seasonal_et_response  1   52.495    52.495            NaN    NaN        NaN
       reference wheat calibration seasonal_et_response  3   43.627   -33.789            NaN -1.021      0.356
       reference wheat  validation seasonal_et_response  1  111.793  -111.793            NaN    NaN        NaN
