2026-10-07T18:53:45.398529+00:00 starting responses
responses: 1/32 rep_004.csv
responses: 2/32 rep_003.csv
responses: 3/32 rep_007.csv
responses: 4/32 rep_005.csv
responses: 5/32 rep_006.csv
responses: 6/32 rep_000.csv
responses: 7/32 rep_002.csv
responses: 8/32 rep_001.csv
responses: 9/32 rep_008.csv
responses: 10/32 rep_013.csv
responses: 11/32 rep_014.csv
responses: 12/32 rep_009.csv
responses: 13/32 rep_010.csv
responses: 14/32 rep_015.csv
responses: 15/32 rep_012.csv
responses: 16/32 rep_011.csv
responses: 17/32 rep_017.csv
responses: 18/32 rep_018.csv
responses: 19/32 rep_021.csv
responses: 20/32 rep_016.csv
responses: 21/32 rep_020.csv
responses: 22/32 rep_019.csv
responses: 23/32 rep_023.csv
responses: 24/32 rep_022.csv
responses: 25/32 rep_024.csv
responses: 26/32 rep_025.csv
responses: 27/32 rep_031.csv
responses: 28/32 rep_029.csv
responses: 29/32 rep_027.csv
responses: 30/32 rep_028.csv
responses: 31/32 rep_026.csv
responses: 32/32 rep_030.csv
spatial: 1/8 rep_000.csv
spatial: 2/8 rep_001.csv
spatial: 3/8 rep_002.csv
spatial: 4/8 rep_007.csv
spatial: 5/8 rep_003.csv
spatial: 6/8 rep_005.csv
spatial: 7/8 rep_004.csv
spatial: 8/8 rep_006.csv
2026-10-07T19:19:34.101152+00:00 starting allocations
Revised spatial allocation and class/rainfall strategies frozen from training responses
2026-10-07T19:19:49.838376+00:00 starting adaptive
adaptive: 1/32 rep_004.csv
adaptive: 2/32 rep_003.csv
adaptive: 3/32 rep_007.csv
adaptive: 4/32 rep_001.csv
adaptive: 5/32 rep_005.csv
adaptive: 6/32 rep_006.csv
adaptive: 7/32 rep_002.csv
adaptive: 8/32 rep_000.csv
adaptive: 9/32 rep_014.csv
adaptive: 10/32 rep_013.csv
adaptive: 11/32 rep_008.csv
adaptive: 12/32 rep_009.csv
adaptive: 13/32 rep_010.csv
adaptive: 14/32 rep_011.csv
adaptive: 15/32 rep_012.csv
adaptive: 16/32 rep_015.csv
adaptive: 17/32 rep_018.csv
adaptive: 18/32 rep_021.csv
adaptive: 19/32 rep_017.csv
adaptive: 20/32 rep_016.csv
adaptive: 21/32 rep_020.csv
adaptive: 22/32 rep_019.csv
adaptive: 23/32 rep_022.csv
adaptive: 24/32 rep_023.csv
adaptive: 25/32 rep_025.csv
adaptive: 26/32 rep_024.csv
adaptive: 27/32 rep_026.csv
adaptive: 28/32 rep_029.csv
adaptive: 29/32 rep_028.csv
adaptive: 30/32 rep_027.csv
adaptive: 31/32 rep_030.csv
adaptive: 32/32 rep_031.csv
Six revised continuous management strategies and both evaluation scopes aggregated
2026-10-07T19:50:23.117147+00:00 starting analyze
Revised regional scientific tables, spatial maps and PNG/PDF figures complete
Current-only publication tables, raw forcing and spatial PNG/PDF exports verified
Current regional product complete
